2026-08-12T13:59:06Z INF Thank you for trying Cloudflare Tunnel. Doing so, without a Cloudflare account, is a quick way to experiment and try it out. However, be aware that these account-less Tunnels have no uptime guarantee, are subject to the Cloudflare Online Services Terms of Use (https://www.cloudflare.com/website-terms/), and Cloudflare reserves the right to investigate your use of Tunnels for violations of such terms. If you intend to use Tunnels in production you should use a pre-created named tunnel by following: https://developers.cloudflare.com/cloudflare-one/connections/connect-apps
2026-08-12T13:59:06Z INF Requesting new quick Tunnel on trycloudflare.com...
2026-08-12T13:59:12Z INF +--------------------------------------------------------------------------------------------+
2026-08-12T13:59:12Z INF |  Your quick Tunnel has been created! Visit it at (it may take some time to be reachable):  |
2026-08-12T13:59:12Z INF |  https://prev-due-take-electrical.trycloudflare.com                                        |
2026-08-12T13:59:12Z INF +--------------------------------------------------------------------------------------------+
2026-08-12T13:59:12Z INF Cannot determine default configuration path. No file [config.yml config.yaml] in [~/.cloudflared ~/.cloudflare-warp ~/cloudflare-warp]
2026-08-12T13:59:12Z INF Version 2026.7.3 (Checksum 8635da433b6df8194746e88ed9d2589566c20e38bfc2a80e431a348b7c765841)
2026-08-12T13:59:12Z INF GOOS: windows, GOVersion: go1.26.4, GoArch: amd64
2026-08-12T13:59:12Z INF Settings: map[ha-connections:1 protocol:quic url:http://localhost:8000]
2026-08-12T13:59:12Z INF cloudflared will not automatically update on Windows systems.
2026-08-12T13:59:12Z INF Generated Connector ID: 727172a0-4d66-4b31-a3ef-03857738fd44
2026-08-12T13:59:12Z INF Initial protocol quic
2026-08-12T13:59:12Z INF ICMP proxy will use 10.107.115.248 as source for IPv4
2026-08-12T13:59:12Z INF ICMP proxy will use 2409:40f3:28:1337:d57a:d49c:689c:9e73 in zone Wi-Fi 4 as source for IPv6
2026-08-12T13:59:12Z INF cloudflared does not support loading the system root certificate pool on Windows. Please use --origin-ca-pool <PATH> to specify the path to the certificate pool
2026-08-12T13:59:12Z INF ICMP proxy will use 10.107.115.248 as source for IPv4
2026-08-12T13:59:12Z INF Tunnel connection curve preferences: [X25519MLKEM768 CurveID(65074) CurveP256] connIndex=0 event=0 ip=2606:4700:a0::2
2026-08-12T13:59:12Z INF ICMP proxy will use 2409:40f3:28:1337:d57a:d49c:689c:9e73 in zone Wi-Fi 4 as source for IPv6
2026-08-12T13:59:12Z INF Starting metrics server on 127.0.0.1:63631/metrics
